id,visit_date,dept,payer,amount
1,2024-01-05,ENT,Medicare,250
2,2024-01-07,AUDIO,Commercial,180
3,2024-01-09,SURG,Medicaid,1500
4,2024-01-12,ENT,SelfPay,90
